INFO:    Starting build...
Copying blob sha256:0a325d5976d1e2c660b716852d51efcf9ca8c1777e2198b162a8e0930c2154bf
Copying blob sha256:a1a21c96bc16121569dd937bcd1c745a5081629b3b08a664446602ded91e10a4
Copying blob sha256:c41a1dd575dfaa52381c98411842ff86a523d14f1805671145e7fdb446e60f4d
Copying blob sha256:eae0cac034e8e3d9dc5ef12fbf1e1b5b5e1d9c1cdb78136333721ef6f5e73ac7
Copying blob sha256:a11b2d2c655e54e9507f78ebc08b1ac7fc455439428fa1472236433bf69a4146
Copying blob sha256:f3bf3fc8af9b6a67c36fad1cf82a8ec29b7dbef7d7d5531e1004f656cd012c07
Copying blob sha256:986053fcf4e3c5ee40d125315a07dfb2af60abf84820fabe0ff7016285791f19
Copying blob sha256:b1843e027990c22278aeb36658e15877ceb6eea9ff8253a64837b3d230dc156d
Copying blob sha256:797ffe40ca7ae5652d4b0570e7e467602b0c86d5c2bf949bc1dfba6d653f13b3
Copying blob sha256:70fe53308fb68db62644286e6c418eff42501e933f04f13cdc96c00a46d3613a
Copying blob sha256:0f8d412b408c6975700ba9dc6d449784b37346baf639ccd112143c2d88fb3a10
Copying blob sha256:64939e59fc418657a0b7db2d378ad260170a9e32b5ac32db92e8ce900ab9a998
Copying blob sha256:5322b76ad20075492ab8e50c320e75c59f75d41e869a775e39645ea3afaf1f0d
Copying blob sha256:0ab2fa507be028a95b6d5118d7e240982b8e8e4a60ccd465578ef3f2ad2c447b
Copying blob sha256:890aac124d5eb128a991d9e46863e1420314b1b3b15f0bf57b8c2b8505214d74
Copying blob sha256:3aee03a6326ac42e53207b3c7ebf13d1d0eb066ab39ac5fc0928f7406382a1b9
Copying blob sha256:18992bcf6cd41d8e1a1543073b8b19fb104ce526130bfe9c0dea46cf7d3e882f
Copying blob sha256:c4cfc2681279a12f9638c3c4815ca1221078f40bf5c8772429d110798f7df3ce
Copying blob sha256:8b6d0fcf5b715e45661d76b808b169674eb7254325500367ee01e33958621603
Copying config sha256:6f54899255d546f7fdeaa301e42167d8a91452c30b560ca579d82f2a061e687c
Writing manifest to image destination
2025/10/17 09:30:09  info unpack layer: sha256:a1a21c96bc16121569dd937bcd1c745a5081629b3b08a664446602ded91e10a4
2025/10/17 09:30:10  info unpack layer: sha256:eae0cac034e8e3d9dc5ef12fbf1e1b5b5e1d9c1cdb78136333721ef6f5e73ac7
2025/10/17 09:30:10  info unpack layer: sha256:c41a1dd575dfaa52381c98411842ff86a523d14f1805671145e7fdb446e60f4d
2025/10/17 09:30:19  info unpack layer: sha256:f3bf3fc8af9b6a67c36fad1cf82a8ec29b7dbef7d7d5531e1004f656cd012c07
2025/10/17 09:30:19  info unpack layer: sha256:a11b2d2c655e54e9507f78ebc08b1ac7fc455439428fa1472236433bf69a4146
2025/10/17 09:30:19  info unpack layer: sha256:0a325d5976d1e2c660b716852d51efcf9ca8c1777e2198b162a8e0930c2154bf
2025/10/17 09:30:20  info unpack layer: sha256:986053fcf4e3c5ee40d125315a07dfb2af60abf84820fabe0ff7016285791f19
2025/10/17 09:30:20  info unpack layer: sha256:b1843e027990c22278aeb36658e15877ceb6eea9ff8253a64837b3d230dc156d
2025/10/17 09:30:20  info unpack layer: sha256:797ffe40ca7ae5652d4b0570e7e467602b0c86d5c2bf949bc1dfba6d653f13b3
2025/10/17 09:30:20  info unpack layer: sha256:70fe53308fb68db62644286e6c418eff42501e933f04f13cdc96c00a46d3613a
2025/10/17 09:30:20  info unpack layer: sha256:0f8d412b408c6975700ba9dc6d449784b37346baf639ccd112143c2d88fb3a10
2025/10/17 09:30:20  info unpack layer: sha256:64939e59fc418657a0b7db2d378ad260170a9e32b5ac32db92e8ce900ab9a998
2025/10/17 09:30:20  info unpack layer: sha256:5322b76ad20075492ab8e50c320e75c59f75d41e869a775e39645ea3afaf1f0d
2025/10/17 09:30:30  info unpack layer: sha256:0ab2fa507be028a95b6d5118d7e240982b8e8e4a60ccd465578ef3f2ad2c447b
2025/10/17 09:30:30  info unpack layer: sha256:890aac124d5eb128a991d9e46863e1420314b1b3b15f0bf57b8c2b8505214d74
2025/10/17 09:30:31  info unpack layer: sha256:3aee03a6326ac42e53207b3c7ebf13d1d0eb066ab39ac5fc0928f7406382a1b9
2025/10/17 09:30:31  info unpack layer: sha256:18992bcf6cd41d8e1a1543073b8b19fb104ce526130bfe9c0dea46cf7d3e882f
2025/10/17 09:30:31  info unpack layer: sha256:c4cfc2681279a12f9638c3c4815ca1221078f40bf5c8772429d110798f7df3ce
2025/10/17 09:30:31  info unpack layer: sha256:8b6d0fcf5b715e45661d76b808b169674eb7254325500367ee01e33958621603
