INFO:    Starting build...
Copying blob sha256:0365341983d43646204a46af71321b9d6d91dacaa0b8c9ab4ee982a2ef3999b0
Copying blob sha256:438183538f3b5ae10927804069b681d8895ce6016b62d867fa6e05dd1bb15ad9
Copying blob sha256:171857c49d0f5e2ebf623e6cb36a8bcad585ed0c2aa99c87a055df034c1e5848
Copying blob sha256:268e96863ea005b84e3aa9f88a866c604a1a57a07f8c7d65f10e5d08b72800e5
Copying blob sha256:61e52f862619ab016d3bcfbd78e5c7aaaa1989b4c295e6dbcacddd2d7b93e1f5
Copying blob sha256:419640447d267f068d2f84a093cb13a56ce77e130877f5b8bdb4294f4a90a84f
Copying blob sha256:359d5672bfa8b0e31d88916e26c9ad1f811fd4d340245b4c33dca6b81cdb5d7d
Copying blob sha256:f3814ae367321aaba6afb4cdd675e468d25ec3550f25ddc85065bbcc62f3885e
Copying blob sha256:29aaac65a7686121f0adb4473bdd0cb3a05cfc269e87c5b600c0691932e9c65b
Copying blob sha256:6cda144ee99b38d58adc71c0c30f2e959c57c3f351e1ef4c6ca9aafd81c555af
Copying blob sha256:217df37dc4e65ce179e41f1f273e455183e859361abcdf0fb3fc963b7e2a06e1
Copying blob sha256:851ee7e7deea395bc62ce5ab8b6c520d0b6075cac0b5ec38baf211eebbee55fa
Copying blob sha256:6ea7d969e2391d7793e376ba0c2bfe54217465bb27a69d1808828efca03d80a5
Copying blob sha256:d067951284a1d4be9debcfa1f511e673c038981c5fe15fb94d29e53e8d248c88
Copying blob sha256:b7001b3c7d5599da80390486fac2ccda4de9f43a5ae34f0880bbdfc9e29d5731
Copying blob sha256:de3a0801a70b42d42a9d42eaeb7a9785ec7c1eefec49d3db215ba2daab6796e6
Copying blob sha256:66ebd9f26284ff2b5bdf2fd1e636a08960e63cf8bc1c897fd137b801b4cd018b
Copying blob sha256:6580293b7b22d4956531f92d3365256091022f82e391283990392cde1a8a7a78
Copying config sha256:f765bf8d83c7b1537b995b4dc7e5dc39212675fd2a26d6e8b2b8675e751e977c
Writing manifest to image destination
2025/10/17 14:21:49  info unpack layer: sha256:171857c49d0f5e2ebf623e6cb36a8bcad585ed0c2aa99c87a055df034c1e5848
2025/10/17 14:21:50  info unpack layer: sha256:419640447d267f068d2f84a093cb13a56ce77e130877f5b8bdb4294f4a90a84f
2025/10/17 14:21:50  info unpack layer: sha256:61e52f862619ab016d3bcfbd78e5c7aaaa1989b4c295e6dbcacddd2d7b93e1f5
2025/10/17 14:21:50  info unpack layer: sha256:268e96863ea005b84e3aa9f88a866c604a1a57a07f8c7d65f10e5d08b72800e5
2025/10/17 14:21:50  info unpack layer: sha256:438183538f3b5ae10927804069b681d8895ce6016b62d867fa6e05dd1bb15ad9
2025/10/17 14:21:57  info unpack layer: sha256:0365341983d43646204a46af71321b9d6d91dacaa0b8c9ab4ee982a2ef3999b0
2025/10/17 14:22:05  info unpack layer: sha256:359d5672bfa8b0e31d88916e26c9ad1f811fd4d340245b4c33dca6b81cdb5d7d
2025/10/17 14:22:05  info unpack layer: sha256:f3814ae367321aaba6afb4cdd675e468d25ec3550f25ddc85065bbcc62f3885e
2025/10/17 14:22:05  info unpack layer: sha256:29aaac65a7686121f0adb4473bdd0cb3a05cfc269e87c5b600c0691932e9c65b
2025/10/17 14:22:05  info unpack layer: sha256:6cda144ee99b38d58adc71c0c30f2e959c57c3f351e1ef4c6ca9aafd81c555af
2025/10/17 14:22:05  info unpack layer: sha256:217df37dc4e65ce179e41f1f273e455183e859361abcdf0fb3fc963b7e2a06e1
2025/10/17 14:22:26  info unpack layer: sha256:851ee7e7deea395bc62ce5ab8b6c520d0b6075cac0b5ec38baf211eebbee55fa
2025/10/17 14:22:31  info unpack layer: sha256:6ea7d969e2391d7793e376ba0c2bfe54217465bb27a69d1808828efca03d80a5
2025/10/17 14:22:31  info unpack layer: sha256:d067951284a1d4be9debcfa1f511e673c038981c5fe15fb94d29e53e8d248c88
2025/10/17 14:22:32  info unpack layer: sha256:b7001b3c7d5599da80390486fac2ccda4de9f43a5ae34f0880bbdfc9e29d5731
2025/10/17 14:22:32  info unpack layer: sha256:de3a0801a70b42d42a9d42eaeb7a9785ec7c1eefec49d3db215ba2daab6796e6
2025/10/17 14:22:32  info unpack layer: sha256:66ebd9f26284ff2b5bdf2fd1e636a08960e63cf8bc1c897fd137b801b4cd018b
2025/10/17 14:22:32  info unpack layer: sha256:6580293b7b22d4956531f92d3365256091022f82e391283990392cde1a8a7a78
INFO:    Copying install_combatseq_packages.R to /install_combatseq_packages.R
INFO:    Running post scriptlet
+ echo Starting build process...
+ apt-get update
+ apt-get install -y --no-install-recommends wget gnupg software-properties-common git ccache
+ wget -O - https://apt.kitware.com/keys/kitware-archive-latest.asc
+ gpg --dearmor -
+ tee /etc/apt/trusted.gpg.d/kitware.gpg
+ echo deb https://apt.kitware.com/ubuntu/ bionic main
+ apt-get update
+ apt-get install -y --no-install-recommends cmake
+ apt-get clean
+ rm -rf /var/lib/apt/lists/apt.kitware.com_ubuntu_dists_bionic_InRelease /var/lib/apt/lists/apt.kitware.com_ubuntu_dists_bionic_main_binary-amd64_Packages.lz4 /var/lib/apt/lists/archive.ubuntu.com_ubuntu_dists_bionic-backports_InRelease /var/lib/apt/lists/archive.ubuntu.com_ubuntu_dists_bionic-backports_main_binary-amd64_Packages.lz4 /var/lib/apt/lists/archive.ubuntu.com_ubuntu_dists_bionic-backports_universe_binary-amd64_Packages.lz4 /var/lib/apt/lists/archive.ubuntu.com_ubuntu_dists_bionic-updates_InRelease /var/lib/apt/lists/archive.ubuntu.com_ubuntu_dists_bionic-updates_main_binary-amd64_Packages.lz4 /var/lib/apt/lists/archive.ubuntu.com_ubuntu_dists_bionic-updates_multiverse_binary-amd64_Packages.lz4 /var/lib/apt/lists/archive.ubuntu.com_ubuntu_dists_bionic-updates_restricted_binary-amd64_Packages.lz4 /var/lib/apt/lists/archive.ubuntu.com_ubuntu_dists_bionic-updates_universe_binary-amd64_Packages.lz4 /var/lib/apt/lists/archive.ubuntu.com_ubuntu_dists_bionic_InRelease /var/lib/apt/lists/archive.ubuntu.com_ubuntu_dists_bionic_main_binary-amd64_Packages.lz4 /var/lib/apt/lists/archive.ubuntu.com_ubuntu_dists_bionic_multiverse_binary-amd64_Packages.lz4 /var/lib/apt/lists/archive.ubuntu.com_ubuntu_dists_bionic_restricted_binary-amd64_Packages.lz4 /var/lib/apt/lists/archive.ubuntu.com_ubuntu_dists_bionic_universe_binary-amd64_Packages.lz4 /var/lib/apt/lists/auxfiles /var/lib/apt/lists/lock /var/lib/apt/lists/partial /var/lib/apt/lists/security.ubuntu.com_ubuntu_dists_bionic-security_InRelease /var/lib/apt/lists/security.ubuntu.com_ubuntu_dists_bionic-security_main_binary-amd64_Packages.lz4 /var/lib/apt/lists/security.ubuntu.com_ubuntu_dists_bionic-security_multiverse_binary-amd64_Packages.lz4 /var/lib/apt/lists/security.ubuntu.com_ubuntu_dists_bionic-security_restricted_binary-amd64_Packages.lz4 /var/lib/apt/lists/security.ubuntu.com_ubuntu_dists_bionic-security_universe_binary-amd64_Packages.lz4
+ cmake --version
+ mkdir -p /home/r_libs
+ chmod -R 777 /home/r_libs
+ Rscript /install_combatseq_packages.R
Bioconductor version 3.11 (BiocManager 1.30.10), ?BiocManager::install for help
Bioconductor version '3.11' is out-of-date; the current release version '3.21'
  is available with R version '4.5'; see https://bioconductor.org/install
Installing package into ‘/usr/local/lib/R/site-library’
(as ‘lib’ is unspecified)
trying URL 'https://cloud.r-project.org/src/contrib/pak_0.9.0.tar.gz'
Content type 'application/x-gzip' length 3324011 bytes (3.2 MB)
==================================================
downloaded 3.2 MB

Bioconductor version 3.11 (BiocManager 1.30.10), ?BiocManager::install for help
Bioconductor version '3.11' is out-of-date; the current release version '3.21'
  is available with R version '4.5'; see https://bioconductor.org/install
* installing *source* package ‘pak’ ...
** package ‘pak’ successfully unpacked and MD5 sums checked
** using staged installation
** libs
installing via 'install.libs.R' to /usr/local/lib/R/site-library/00LOCK-pak/00new/pak
** R
** inst
** byte-compile and prepare package for lazy loading
** help
*** installing help indices
*** copying figures
** building package indices
** testing if installed package can be loaded from temporary location
** checking absolute paths in shared objects and dynamic libraries
** testing if installed package can be loaded from final location
** testing if installed package keeps a record of temporary installation path
* DONE (pak)

The downloaded source packages are in
	‘/tmp/RtmpOR4ph7/downloaded_packages’
Error: 'repo_set' is not an exported object from 'namespace:pak'
Execution halted
FATAL:   While performing build: while running engine: while running %post section: exit status 1
